2020-06-23 15:18:39.211 5759-5912/com.enflick.android.TextNow D/TextNow: [LeanPlumReportingRunnable] Saved event: Median mos score Wifi with info double
2020-06-23 15:18:39.211 5759-6056/com.enflick.android.TextNow V/[VERBOSE][Leanplum]: [com.leanplum.internal.LeanplumInternal::trackInternal::378]: Will call API method track with arguments {event=EVENT_CALL_DURATION, params={"ATTRIBUTE_CALL_DURATION_TOTAL":2027,"ATTRIBUTE_CALL_DURATION_VOIP":2027}, value=0.0, info=}
2020-06-23 15:18:39.214 5759-5912/com.enflick.android.TextNow D/TextNow: [LeanPlumReportingRunnable] Saved event: EVENT_CALL_DURATION with info map
2020-06-23 15:18:39.214 5759-6056/com.enflick.android.TextNow V/[VERBOSE][Leanplum]: [com.leanplum.internal.LeanplumInternal::trackInternal::378]: Will call API method track with arguments {event=Mean mos score Wifi, value=4.0, info=}
2020-06-23 15:18:39.215 5759-5912/com.enflick.android.TextNow D/TextNow: [LeanPlumReportingRunnable] Saved event: Mean mos score Wifi with info double
2020-06-23 15:18:39.219 5759-5912/com.enflick.android.TextNow D/TextNow: [QOSTestRunnerService] onDestroy() called
2020-06-23 15:18:39.224 5759-5759/com.enflick.android.TextNow D/FragmentManager: movefrom RESUMED: CallingFragment{77e8323} (156291ea-32fb-40d6-b5e9-b7588f3336e0) id=0x7f0a0350 calling_fragment}
2020-06-23 15:18:39.225 5759-5759/com.enflick.android.TextNow D/AudioTrack: logBufferSizeUnderruns(), mMetricsId = audio.track.2602
2020-06-23 15:18:39.226 5759-5759/com.enflick.android.TextNow D/FragmentManager: movefrom RESUMED: SupportRequestManagerFragment{bc2cec} (bf1c5afe-02b0-48e4-8f7f-ce5a4a4e9ef8) com.bumptech.glide.manager}{parent=null}
2020-06-23 15:18:39.230 5759-5912/com.enflick.android.TextNow D/TextNow: [DialerActivity] Dialer Activity onPause
2020-06-23 15:18:39.230 5759-5912/com.enflick.android.TextNow D/TextNow: [CallService] CallService received command from intent: Intent { act=com.enflick.android.TextNow.action.stop_service_foreground cmp=com.enflick.android.TextNow/.tncalling.CallService }
2020-06-23 15:18:39.230 5759-5912/com.enflick.android.TextNow D/TextNow: [CallService] CallService intent received for stop foreground
2020-06-23 15:18:39.230 5759-5912/com.enflick.android.TextNow D/TextNow: [CallService] CallService - resetting audio mode to normal - previous mode 0
2020-06-23 15:18:39.231 5759-5872/com.enflick.android.TextNow V/FA: Recording user engagement, ms: 27560
2020-06-23 15:18:39.232 5759-5872/com.enflick.android.TextNow V/FA: Connecting to remote service
2020-06-23 15:18:39.232 5759-5872/com.enflick.android.TextNow V/FA: Activity paused, time: 511606393
2020-06-23 15:18:39.245 5759-5912/com.enflick.android.TextNow D/TextNow: [CallManager] onStop()
2020-06-23 15:18:39.245 5759-5912/com.enflick.android.TextNow D/TextNow: [CallManager] getCurrentCallState() called
2020-06-23 15:18:39.245 5759-5912/com.enflick.android.TextNow D/TextNow: [CallManager] getCurrentCallState: mActiveCall is null
2020-06-23 15:18:39.245 5759-5912/com.enflick.android.TextNow I/TextNow: [CallManager] onStop() triggered
2020-06-23 15:18:39.245 5759-5912/com.enflick.android.TextNow D/TextNow: [PjInstance] unregister() called
2020-06-23 15:18:39.245 5759-5912/com.enflick.android.TextNow D/TextNow: [CallService] checkStopSelf()
2020-06-23 15:18:39.246 5759-5912/com.enflick.android.TextNow D/TextNow: [CallService] Stopping self...
2020-06-23 15:18:39.248 5759-6542/com.enflick.android.TextNow D/PjSip: 2020-06-23 15:18:39.248    pjsua_acc.c thr0x77300ac !Deleting account 0
2020-06-23 15:18:39.248 5759-6542/com.enflick.android.TextNow D/PjSip: 2020-06-23 15:18:39.248    pjsua_acc.c thr0x77300ac  Acc 0: setting unregistration..
2020-06-23 15:18:39.249 5759-6542/com.enflick.android.TextNow D/PjSip: 2020-06-23 15:18:39.249      sip_reg.c thr0x77300ac  Sending register request with timeout 5000
2020-06-23 15:18:39.249 5759-6542/com.enflick.android.TextNow D/PjSip: 2020-06-23 15:18:39.249   pjsua_core.c thr0x77300ac  TX 631 bytes Request msg REGISTER/cseq=48716 (tdta0x79cd1de928) to UDP 52.203.74.121:5090:
    REGISTER sip:stage.tncp.textnow.com SIP/2.0
    v: SIP/2.0/UDP 108.170.177.208:45526;rport;branch=z9hG4bKPja4679556-fc50-4672-bb17-ee768ead1943
    Route: <sip:52.203.74.121:5090;lr>
    Max-Forwards: 70
    f: <sip:19204623541_pJYt8iH7RfSOJCFwdvleD9M9TlizPU6XX3qWgONAVmvK@stage.tncp.textnow.com>;tag=bf7d3430-30f3-4e78-a21c-33dfe1d0e34f
    t: <sip:19204623541_pJYt8iH7RfSOJCFwdvleD9M9TlizPU6XX3qWgONAVmvK@stage.tncp.textnow.com>
    i: 80e44e7c-9094-45c3-a279-90c4bff95f68
    CSeq: 48716 REGISTER
    User-Agent: TextNow PjSip 2.6/20.22.0.0
    m: <sip:19204623541_pJYt8iH7RfSOJCFwdvleD9M9TlizPU6XX3qWgONAVmvK@108.170.177.208:45526>
    Expires: 0
    l:  0
    
    
    --end msg--
2020-06-23 15:18:39.249 5759-6542/com.enflick.android.TextNow D/PjSip: 2020-06-23 15:18:39.249 sip_util_state thr0x77300ac  Setting request timeout of 5000
2020-06-23 15:18:39.249 5759-6542/com.enflick.android.TextNow D/PjSip: 2020-06-23 15:18:39.249    pjsua_acc.c thr0x77300ac  Acc 0: Unregistration sent
2020-06-23 15:18:39.249 5759-6542/com.enflick.android.TextNow D/PjSip: 2020-06-23 15:18:39.249    pjsua_acc.c thr0x77300ac  Account id 0 deleted
2020-06-23 15:18:39.250 5759-5912/com.enflick.android.TextNow V/TextNow: [PjSipClient] Registration state changed (code=PJSIP_SC_OK,reason=account deleted). Registered: false. Expiry: 0
2020-06-23 15:18:39.250 5759-5912/com.enflick.android.TextNow D/TextNow: [OutgoingCallReporter] handleRegistrationUpdate() called with: isRegistered = [false]
2020-06-23 15:18:39.266 5759-5912/com.enflick.android.TextNow D/TextNow: [MainActivity] onStart() called
2020-06-23 15:18:39.271 5759-5759/com.enflick.android.TextNow D/FragmentManager: moveto STARTED: ConversationListFragment{223c9b3} (6afdeb71-8c07-442d-af0c-0b6e1409effa) id=0x7f0a0352}
2020-06-23 15:18:39.275 5759-5759/com.enflick.android.TextNow D/FragmentManager: moveto STARTED: SupportRequestManagerFragment{c6f9724} (39b07736-0e80-4bf1-b8b9-0ac6eaa68a7f) com.bumptech.glide.manager}{parent=null}
2020-06-23 15:18:39.279 5759-5912/com.enflick.android.TextNow W/TextNow: [Preferences] Failed to retrieve encrypted value
2020-06-23 15:18:39.279 5759-5912/com.enflick.android.TextNow D/TextNow: [TNPassCodeActivity] Passcode not setup. Not showing passcode. Not inflating passcode.
2020-06-23 15:18:39.280 5759-5912/com.enflick.android.TextNow V/TextNow: [MainControllerBase] onActivityStart
2020-06-23 15:18:39.280 5759-5912/com.enflick.android.TextNow D/TextNow: [MainActivity] onStart completed
2020-06-23 15:18:39.281 5759-5912/com.enflick.android.TextNow D/TextNow: [MainActivity] updateSipInfoCacheIfRequired() called
2020-06-23 15:18:39.281 5759-5912/com.enflick.android.TextNow W/TextNow: [Preferences] Failed to retrieve encrypted value
2020-06-23 15:18:39.281 5759-5912/com.enflick.android.TextNow D/TextNow: [MainActivity] current version is known to support calling, check if call service is running
2020-06-23 15:18:39.282 5759-5912/com.enflick.android.TextNow D/TextNow: [MainActivity] Call service is running, binding to it.
2020-06-23 15:18:39.288 5759-5872/com.enflick.android.TextNow V/FA: Activity resumed, time: 511606455
2020-06-23 15:18:39.290 5759-5912/com.enflick.android.TextNow D/TextNow: [LeanPlumHelper] Starting LeanPlumReportingRunnable for: attribute
2020-06-23 15:18:39.293 5759-5912/com.enflick.android.TextNow I/TextNow: [TNTaskService] Starting to run task without service (64):FetchTestProfile
2020-06-23 15:18:39.293 5759-5912/com.enflick.android.TextNow I/TextNow: [TNTaskService] Starting to run task without service (63):FetchPacketTestAndHeartbeatServers
2020-06-23 15:18:39.294 5759-6056/com.enflick.android.TextNow V/[VERBOSE][Leanplum]: [com.leanplum.Leanplum::setUserAttributesInternal::1563]: Will call API method setUserAttributes with arguments {userAttributes={"permission_storage_status":"permanently denied","permission_telephone_status":"granted","permission_camera_status":"permanently denied","permission_contacts_status":"denied","permission_location_status":"permanently denied","permission_microphone_status":"granted","permission_sms_status":"permanently denied"}}
2020-06-23 15:18:39.295 5759-5912/com.enflick.android.TextNow I/TextNow: [TNTaskService] Finished running task without service (63):FetchPacketTestAndHeartbeatServers in 0ms
2020-06-23 15:18:39.296 5759-5912/com.enflick.android.TextNow I/TextNow: [TNTaskService] Finished running task without service (64):FetchTestProfile in 2ms
2020-06-23 15:18:39.296 5759-5912/com.enflick.android.TextNow V/TextNow: [MainControllerBase] onActivityResume
2020-06-23 15:18:39.297 5759-5912/com.enflick.android.TextNow I/TextNow: [TNTaskService] Starting to run task without service (66):GetSubscriptionTask
2020-06-23 15:18:39.300 5759-5912/com.enflick.android.TextNow D/TextNow: [LeanPlumReportingRunnable] Saved attribute(s) with: 7 key-value pair(s)
2020-06-23 15:18:39.301 5759-5912/com.enflick.android.TextNow D/TextNow: [TNBannerActivity] Removed AllowIgnoreBatteryOptimizationRequestDialog
2020-06-23 15:18:39.301 5759-5912/com.enflick.android.TextNow D/TextNow: [MainActivity] onResume completed
2020-06-23 15:18:39.301 5759-5759/com.enflick.android.TextNow D/FragmentManager: moveto RESUMED: ConversationListFragment{223c9b3} (6afdeb71-8c07-442d-af0c-0b6e1409effa) id=0x7f0a0352}
2020-06-23 15:18:39.306 5759-5912/com.enflick.android.TextNow I/TextNow: [TNTaskService] Starting to run task without service (67):UpdateLeanplumInboxCacheTask
2020-06-23 15:18:39.308 5759-5912/com.enflick.android.TextNow D/TextNow: [LeanplumInboxUtils] Updating Leanplum Inbox Cached row. Number of messages 0
2020-06-23 15:18:39.308 5759-5912/com.enflick.android.TextNow I/TextNow: [TNTaskService] Finished running task without service (67):UpdateLeanplumInboxCacheTask in 0ms
2020-06-23 15:18:39.308 5759-5912/com.enflick.android.TextNow V/TextNow: [ShowNPS] shouldShowNPS(false, 2020-06-17T17:40:18.899-04:00, 2020-06-11T13:50:02.929-04:00)
2020-06-23 15:18:39.309 5759-5759/com.enflick.android.TextNow D/FragmentManager: moveto RESUMED: SupportRequestManagerFragment{c6f9724} (39b07736-0e80-4bf1-b8b9-0ac6eaa68a7f) com.bumptech.glide.manager}{parent=null}
2020-06-23 15:18:39.310 5759-5912/com.enflick.android.TextNow D/TextNow: [NudgeBannerUtils] enabledFromLeanplum = false enabledFromDeveloperMode = false hasUserCompletedStep = true haveShownProgressOnStepCompletion = false
2020-06-23 15:18:39.311 5759-5912/com.enflick.android.TextNow D/TextNow: [ConversationListFragment] Nudge banner turned off from Leanplum
2020-06-23 15:18:39.316 5759-5912/com.enflick.android.TextNow D/TextNow: [BlockedContactUtils] Retrieved 0 blocked contact values from database
2020-06-23 15:18:39.319 5759-6548/com.enflick.android.TextNow D/PjSip: 2020-06-23 15:18:39.308   pjsua_core.c      pjsua_0  RX 545 bytes Response msg 200/REGISTER/cseq=48716 (rdata0x79fcde98d8) from UDP 52.203.74.121:5090:
    SIP/2.0 200 OK
    v: SIP/2.0/UDP 108.170.177.208:45526;received=108.170.177.208;rport=45526;branch=z9hG4bKPja4679556-fc50-4672-bb17-ee768ead1943
    f: <sip:19204623541_pJYt8iH7RfSOJCFwdvleD9M9TlizPU6XX3qWgONAVmvK@stage.tncp.textnow.com>;tag=bf7d3430-30f3-4e78-a21c-33dfe1d0e34f
    t: <sip:19204623541_pJYt8iH7RfSOJCFwdvleD9M9TlizPU6XX3qWgONAVmvK@stage.tncp.textnow.com>;tag=3c5288712d751d989ecb52dfd1d7d6cc.75170000
    i: 80e44e7c-9094-45c3-a279-90c4bff95f68
    CSeq: 48716 REGISTER
    Supported: outbound
    Server: sip-registrar1.tncp
    Content-Length: 0
    
    
    --end msg--
2020-06-23 15:18:39.369 5759-5912/com.enflick.android.TextNow D/TextNow: [GetMoPubIdTask] MoPub ID: using default production ID
2020-06-23 15:18:39.435 5759-5912/com.enflick.android.TextNow D/TextNow: [CallService] initializeCallManager()
2020-06-23 15:18:39.440 5759-5872/com.enflick.android.TextNow D/FA: Connected to remote service
2020-06-23 15:18:39.440 5759-5872/com.enflick.android.TextNow V/FA: Processing queued up service tasks: 6
2020-06-23 15:18:39.451 5759-5912/com.enflick.android.TextNow D/TextNow: [CoachMarkUtils] Not showing coach marks, user has existing conversations
2020-06-23 15:18:39.472 5759-5912/com.enflick.android.TextNow I/TextNow: [LaunchTimeHelper] AppLaunchConfiguration App launch time for user is 202 milliseconds for warm
2020-06-23 15:18:39.477 5759-5912/com.enflick.android.TextNow D/TextNow: [SaveSingleRecordRunnableBase] appmetrics-dev Record saved: {"created_at":"2020-06-23 19:18:39","client_type":"TN_ANDROID","client_version":"20.22.0.0","username":"karn","device_model":"coral","os_version":"11","network_type":"wifi","metric_name":"app_launch_time_warm","metric_value":"202"}
2020-06-23 15:18:39.575 5759-5912/com.enflick.android.TextNow D/TextNow: [AbstractHttpCommand] SubscriptionGet Request took 258ms
2020-06-23 15:18:39.622 5759-5912/com.enflick.android.TextNow I/TextNow: [AbstractHttpCommand] SubscriptionGet response error, status: 422
2020-06-23 15:18:39.622 5759-5912/com.enflick.android.TextNow D/TextNow: [AbstractHttpCommand] SubscriptionGet response: Unprocessable Entity
2020-06-23 15:18:39.626 5759-6060/com.enflick.android.TextNow W/FirebaseRemoteConfig: No value of type 'FirebaseRemoteConfigValue' exists for parameter key 'fpr_session_max_duration_min'.
2020-06-23 15:18:39.628 5759-5912/com.enflick.android.TextNow I/TextNow: [SubscriptionGet] SubscriptionGet ERROR - code:422 error: NOT_FOUND
2020-06-23 15:18:39.632 5759-5759/com.enflick.android.TextNow D/FragmentManager: movefrom STARTED: CallingFragment{77e8323} (156291ea-32fb-40d6-b5e9-b7588f3336e0) id=0x7f0a0350 calling_fragment}
2020-06-23 15:18:39.632 5759-5759/com.enflick.android.TextNow D/FragmentManager: movefrom STARTED: SupportRequestManagerFragment{bc2cec} (bf1c5afe-02b0-48e4-8f7f-ce5a4a4e9ef8) com.bumptech.glide.manager}{parent=null}
2020-06-23 15:18:39.633 5759-5912/com.enflick.android.TextNow D/TextNow: [DialerActivity] Dialer Activity onStop
2020-06-23 15:18:39.636 5759-5759/com.enflick.android.TextNow D/FragmentManager: onCleared called for FragmentManagerViewModel{9d7f950} Fragments () Child Non Config (bf1c5afe-02b0-48e4-8f7f-ce5a4a4e9ef8, 156291ea-32fb-40d6-b5e9-b7588f3336e0) ViewModelStores ()
2020-06-23 15:18:39.640 5759-5759/com.enflick.android.TextNow D/FragmentManager: movefrom ACTIVITY_CREATED: CallingFragment{77e8323} (156291ea-32fb-40d6-b5e9-b7588f3336e0) id=0x7f0a0350 calling_fragment}
2020-06-23 15:18:39.643 5759-5912/com.enflick.android.TextNow D/TextNow: [DialerActivity] unbind call service in DialerActivity
2020-06-23 15:18:39.643 5759-5912/com.enflick.android.TextNow D/TextNow: [TextNow] DialerActivity on unregister: unregister receiver
2020-06-23 15:18:39.645 5759-5912/com.enflick.android.TextNow D/TextNow: [LeanPlumHelper] Starting LeanPlumReportingRunnable for: attribute
2020-06-23 15:18:39.645 5759-5759/com.enflick.android.TextNow V/FragmentManager: Removed fragment from active set CallingFragment{77e8323} (156291ea-32fb-40d6-b5e9-b7588f3336e0) id=0x7f0a0350 calling_fragment}
2020-06-23 15:18:39.645 5759-5759/com.enflick.android.TextNow D/FragmentManager: movefrom CREATED: CallingFragment{77e8323} (156291ea-32fb-40d6-b5e9-b7588f3336e0) id=0x7f0a0350 calling_fragment}
2020-06-23 15:18:39.646 5759-5912/com.enflick.android.TextNow I/TextNow: [TNTaskService] Finished running task without service (66):GetSubscriptionTask in 352ms
2020-06-23 15:18:39.646 5759-5759/com.enflick.android.TextNow D/FragmentManager: Clearing non-config state for CallingFragment{77e8323} (156291ea-32fb-40d6-b5e9-b7588f3336e0) id=0x7f0a0350 calling_fragment}
2020-06-23 15:18:39.646 5759-5759/com.enflick.android.TextNow D/FragmentManager: onCleared called for FragmentManagerViewModel{baacb5a} Fragments () Child Non Config () ViewModelStores ()
2020-06-23 15:18:39.647 5759-6056/com.enflick.android.TextNow V/[VERBOSE][Leanplum]: [com.leanplum.Leanplum::setUserAttributesInternal::1563]: Will call API method setUserAttributes with arguments {userAttributes={"is_employee":false,"user_status":"free","subscription_permission_level":"NONE","ATTRIBUTE_VOICE_FALLBACK_ALLOWED":false}}
2020-06-23 15:18:39.654 5759-5759/com.enflick.android.TextNow D/FragmentManager: movefrom ATTACHED: CallingFragment{77e8323} (156291ea-32fb-40d6-b5e9-b7588f3336e0) id=0x7f0a0350 calling_fragment}
2020-06-23 15:18:39.654 5759-5759/com.enflick.android.TextNow D/FragmentManager: initState called for fragment: CallingFragment{77e8323} (156291ea-32fb-40d6-b5e9-b7588f3336e0) id=0x7f0a0350 calling_fragment}
2020-06-23 15:18:39.654 5759-5759/com.enflick.android.TextNow D/FragmentManager: movefrom ACTIVITY_CREATED: SupportRequestManagerFragment{bc2cec} (bf1c5afe-02b0-48e4-8f7f-ce5a4a4e9ef8) com.bumptech.glide.manager}{parent=null}
2020-06-23 15:18:39.655 5759-5759/com.enflick.android.TextNow V/FragmentManager: Removed fragment from active set SupportRequestManagerFragment{bc2cec} (bf1c5afe-02b0-48e4-8f7f-ce5a4a4e9ef8) com.bumptech.glide.manager}{parent=null}
2020-06-23 15:18:39.655 5759-5759/com.enflick.android.TextNow D/FragmentManager: movefrom CREATED: SupportRequestManagerFragment{bc2cec} (bf1c5afe-02b0-48e4-8f7f-ce5a4a4e9ef8) com.bumptech.glide.manager}{parent=null}
2020-06-23 15:18:39.655 5759-5759/com.enflick.android.TextNow D/FragmentManager: Clearing non-config state for SupportRequestManagerFragment{bc2cec} (bf1c5afe-02b0-48e4-8f7f-ce5a4a4e9ef8) com.bumptech.glide.manager}{parent=null}
2020-06-23 15:18:39.655 5759-5759/com.enflick.android.TextNow D/FragmentManager: onCleared called for FragmentManagerViewModel{89b88a6} Fragments () Child Non Config () ViewModelStores ()
2020-06-23 15:18:39.656 5759-5759/com.enflick.android.TextNow D/FragmentManager: movefrom ATTACHED: SupportRequestManagerFragment{bc2cec} (bf1c5afe-02b0-48e4-8f7f-ce5a4a4e9ef8) com.bumptech.glide.manager}{parent=null}
2020-06-23 15:18:39.656 5759-5759/com.enflick.android.TextNow D/FragmentManager: initState called for fragment: SupportRequestManagerFragment{bc2cec} (bf1c5afe-02b0-48e4-8f7f-ce5a4a4e9ef8) com.bumptech.glide.manager}{parent=null}
2020-06-23 15:18:39.656 5759-5912/com.enflick.android.TextNow D/TextNow: [LeanPlumReportingRunnable] Saved attribute(s) with: 4 key-value pair(s)
2020-06-23 15:18:39.659 5759-5912/com.enflick.android.TextNow D/TextNow: [TNPassCodeActivity] Released passcode resources for activity:	com.enflick.android.TextNow.activities.DialerActivity@883cc84
2020-06-23 15:18:39.671 5759-5912/com.enflick.android.TextNow D/TextNow: [PermissionHelper] requestPermissionsOnMainActivity() called with: activity = [com.enflick.android.TextNow.activities.MainActivity@75033e0]
2020-06-23 15:18:39.675 5759-5912/com.enflick.android.TextNow D/TextNow: [PhoneUtils] This app is not the native dialer. Default dialer package name is: com.google.android.dialer
2020-06-23 15:18:39.676 5759-5912/com.enflick.android.TextNow D/TextNow: [TNUserInfo] getWirelessUserPromptedForDefaultPhone: wirelessSimUserPrimedForDefaultPhone = false
2020-06-23 15:18:39.681 5759-5912/com.enflick.android.TextNow D/TextNow: [FreeWirelessUtils] isUserPremium = false, wirelessUser = false, isNetworkServiceAvailable = true, isFreeCellular = false, isTalkAndText = false, isDataSubscriptionPlan = false, isUnlimitedDataSubscriptionPlan = false, isCellularCapable = true
2020-06-23 15:18:39.681 5759-5912/com.enflick.android.TextNow E/TextNow: [Throttler] unthrottle() - Called with null socket
2020-06-23 15:18:39.901 5759-6548/com.enflick.android.TextNow D/PjSip: 2020-06-23 15:18:39.900    pjsua_aud.c      pjsua_0 !Closing sound device after idle for 1 second(s)
2020-06-23 15:18:39.902 5759-6548/com.enflick.android.TextNow D/PjSip: 2020-06-23 15:18:39.901    pjsua_aud.c      pjsua_0  Closing Android JNI sound playback device and Android JNI sound capture device
2020-06-23 15:18:39.903 5759-6548/com.enflick.android.TextNow D/PjSip: 2020-06-23 15:18:39.903 android_jni_de      pjsua_0  Android JNI stream stopped
2020-06-23 15:18:39.904 5759-6548/com.enflick.android.TextNow D/PjSip: 2020-06-23 15:18:39.903 android_jni_de      pjsua_0  Destroying Android JNI stream...
2020-06-23 15:18:40.040 5759-6548/com.enflick.android.TextNow D/PjSip: 2020-06-23 15:18:40.040 android_jni_de      pjsua_0 !Audio record released
2020-06-23 15:18:40.042 5759-6548/com.enflick.android.TextNow D/AudioTrack: stop(2605): called with 142400 frames delivered
2020-06-23 15:18:40.042 5759-6548/com.enflick.android.TextNow D/AudioTrack: logBufferSizeUnderruns(), mMetricsId = audio.track.2605
2020-06-23 15:18:40.044 5759-6548/com.enflick.android.TextNow D/AudioTrack: logBufferSizeUnderruns(), mMetricsId = audio.track.2605
2020-06-23 15:18:40.048 5759-6548/com.enflick.android.TextNow D/PjSip: 2020-06-23 15:18:40.048 android_jni_de      pjsua_0  Audio track released
2020-06-23 15:18:40.049 5759-6548/com.enflick.android.TextNow D/PjSip: 2020-06-23 15:18:40.049 android_jni_de      pjsua_0  Android JNI stream destroyed
2020-06-23 15:18:40.325 5759-5912/com.enflick.android.TextNow D/TextNow: [GetMoPubIdTask] MoPub ID: using default production ID
2020-06-23 15:18:40.670 5759-5912/com.enflick.android.TextNow D/TextNow: [GetMoPubIdTask] MoPub ID: using default production ID
2020-06-23 15:18:42.301 5759-5912/com.enflick.android.TextNow I/TextNow: [TNTaskService] Starting to run task without service (74):PuntStartTask
2020-06-23 15:18:42.301 5759-5912/com.enflick.android.TextNow I/TextNow: [TNTaskService] Finished running task without service (74):PuntStartTask in 1ms
