2020-06-23 15:18:30.649 5759-5912/com.enflick.android.TextNow D/TextNow: [CallingFragment] updateMinsRemaining: ac692afe-6eb2-4297-8c07-5d95b34da402 isConference: false
2020-06-23 15:18:30.651 5759-5912/com.enflick.android.TextNow D/TextNow: [CallService] onCallStateChanged() called with: callId = [ac692afe-6eb2-4297-8c07-5d95b34da402], state = [RINGING], callType = [VOIP]
2020-06-23 15:18:30.652 5759-6056/com.enflick.android.TextNow V/[VERBOSE][Leanplum]: [com.leanplum.internal.LeanplumInternal::trackInternal::378]: Will call API method track with arguments {event=EVENT_OUTBOUND_CALL_VOIP, value=0.0, info=}
2020-06-23 15:18:30.652 5759-5912/com.enflick.android.TextNow D/TextNow: [CallManagerNotificationHelper] Call ID ac692afe-6eb2-4297-8c07-5d95b34da402 onCallStateChanged RINGING
2020-06-23 15:18:30.652 5759-5912/com.enflick.android.TextNow D/TextNow: [LeanPlumHelper] Starting LeanPlumReportingRunnable for: EVENT_OUTBOUND_CALL_VOIP
2020-06-23 15:18:30.667 5759-5912/com.enflick.android.TextNow D/TextNow: [LeanPlumReportingRunnable] Saved event: EVENT_OUTBOUND_CALL_VOIP without info
2020-06-23 15:18:31.765 5759-5872/com.enflick.android.TextNow V/FA: Connecting to remote service
2020-06-23 15:18:31.826 5759-5872/com.enflick.android.TextNow D/FA: Connected to remote service
2020-06-23 15:18:31.826 5759-5872/com.enflick.android.TextNow V/FA: Processing queued up service tasks: 1
2020-06-23 15:18:33.741 5759-5912/com.enflick.android.TextNow D/TextNow: [GetMoPubIdTask] MoPub ID: using default production ID
2020-06-23 15:18:33.760 5759-5912/com.enflick.android.TextNow D/TextNow: [GetMoPubIdTask] MoPub ID: using default production ID
2020-06-23 15:18:36.682 5759-6548/com.enflick.android.TextNow D/PjSip: 2020-06-23 15:18:36.680   pjsua_core.c      pjsua_0  RX 1262 bytes Response msg 200/INVITE/cseq=25068 (rdata0x79fcde98d8) from UDP 52.203.74.121:5090:
    SIP/2.0 200 OK
    v: SIP/2.0/UDP 108.170.177.208:45526;received=108.170.177.208;rport=45526;branch=z9hG4bKPj26842181-921f-4eaf-a3ea-0eb1559a762e
    Record-Route:<sip:10.231.33.77;lr=on;did=056.df72>,<sip:10.231.33.44;r2=on;lr>,<sip:52.203.74.121:5090;r2=on;lr>
    f: sip:19204623541_pJYt8iH7RfSOJCFwdvleD9M9TlizPU6XX3qWgONAVmvK@stage.tncp.textnow.com;tag=bdb85211-d26e-40ad-99a8-55907065a4a2
    t:sip:+14242908378@stage.tncp.textnow.com;tag=cQBtcN0tBUDSB
    i: 8556b8af-e594-4709-80b6-1416e9f1cf26
    CSeq: 25068 INVITE
    m:<sip:+14242908378@10.231.40.224:4060;transport=udp>
    User-Agent:internal
    Allow:INVITE,ACK,BYE,CANCEL,OPTIONS,MESSAGE,INFO,UPDATE,REGISTER,REFER,NOTIFY
    k:path,replaces
    u:talk,hold,conference,refer
    c:application/sdp
    Content-Disposition:session
    l:335
    X-UUID:1b10ea51-9299-424d-a543-25f8f22c51c7
    Remote-Party-ID:"Outbound Call"<sip:9938214242908378@stage.tncp.textnow.com>;party=calling;privacy=off;screen=no
    
    v=0
    o=FreeSWITCH 1592911009 1592911010 IN IP4 35.169.68.198
    s=FreeSWITCH
    c=IN IP4 35.169.68.198
    t=0 0
    m=audio 28908 RTP/AVP 120 96
    a=rtpmap:120 opus/48000/2
    a=fmtp:120 useinbandfec=1; maxaveragebitrate=14400; maxplaybackrate=8000
    a=rtpmap:96 telephone-event/8000
    a=fmtp:96 0-16
    a=ptime:20
    a=rtcp:28909 IN IP4 35.169.68.198
    
    --end msg--
2020-06-23 15:18:36.687 5759-5912/com.enflick.android.TextNow D/TextNow: [PjInstance] notifyCallState() called with call number: 0, state: CONNECTING pjsip_inv_state: PJSIP_INV_STATE_CONNECTING
2020-06-23 15:18:36.687 5759-6548/com.enflick.android.TextNow D/PjSip: 2020-06-23 15:18:36.687    pjsua_aud.c      pjsua_0  Conf disconnect: 1 -x- 0
2020-06-23 15:18:36.688 5759-5912/com.enflick.android.TextNow D/TextNow: [PjInstance] Stopping playing ringback tone.
2020-06-23 15:18:36.688 5759-6548/com.enflick.android.TextNow D/PjSip: 2020-06-23 15:18:36.688   conference.c      pjsua_0  Port 1 (tonegen) stop transmitting to port 0 (Android JNI)
2020-06-23 15:18:36.689 5759-5912/com.enflick.android.TextNow D/TextNow: [PjSipClient] notifyCallState(), Call-ID: ac692afe-6eb2-4297-8c07-5d95b34da402 callState: PJSIP_INV_STATE_CONNECTING
2020-06-23 15:18:36.690 5759-5912/com.enflick.android.TextNow D/TextNow: [InCallAudioManager] onCallStateChanged: unknown call state -- doing nothing
2020-06-23 15:18:36.690 5759-6548/com.enflick.android.TextNow D/PjSip: 2020-06-23 15:18:36.689  pjsua_media.c      pjsua_0  Call 0: updating media..
2020-06-23 15:18:36.690 5759-5912/com.enflick.android.TextNow D/TextNow: [CallManager] onCallStateChanged(): Local Call-ID = [ac692afe-6eb2-4297-8c07-5d95b34da402], callState = [RINGING]
2020-06-23 15:18:36.691 5759-5912/com.enflick.android.TextNow D/TextNow: [CallManager] Note: Current active call ID is ac692afe-6eb2-4297-8c07-5d95b34da402
2020-06-23 15:18:36.691 5759-6548/com.enflick.android.TextNow D/PjSip: 2020-06-23 15:18:36.691    pjsua_aud.c      pjsua_0  Audio channel update..
2020-06-23 15:18:36.691 5759-5912/com.enflick.android.TextNow D/TextNow: [EventReporter] Replacing event: CALL_RINGING
2020-06-23 15:18:36.691 5759-5912/com.enflick.android.TextNow D/TextNow: [EventReporter] Timed event not found, returning 0: CALL_TRYING_STATE
2020-06-23 15:18:36.692 5759-6548/com.enflick.android.TextNow D/PjSip: 2020-06-23 15:18:36.691         opus.c      pjsua_0  factory_alloc_codec:523: - TRACE
2020-06-23 15:18:36.693 5759-6548/com.enflick.android.TextNow D/PjSip: 2020-06-23 15:18:36.693         opus.c      pjsua_0  codec_open:596: - TRACE
2020-06-23 15:18:36.694 5759-5912/com.enflick.android.TextNow D/TextNow: [CallManager] notifyCallStateChanged() called with: callId = [ac692afe-6eb2-4297-8c07-5d95b34da402], state = [RINGING]
2020-06-23 15:18:36.694 5759-6548/com.enflick.android.TextNow D/PjSip: 2020-06-23 15:18:36.694         opus.c      pjsua_0  codec_open:673: sample_rate: 8000
2020-06-23 15:18:36.695 5759-5912/com.enflick.android.TextNow D/TextNow: [CallingFragment] onCallStateChanged for state: RINGING
2020-06-23 15:18:36.695 5759-6548/com.enflick.android.TextNow D/PjSip: 2020-06-23 15:18:36.695         opus.c      pjsua_0  codec_modify:771: - TRACE
2020-06-23 15:18:36.696 5759-5912/com.enflick.android.TextNow D/TextNow: [CallingFragment] updateCallStateBanner() called with: state = [RINGING]
2020-06-23 15:18:36.696 5759-5912/com.enflick.android.TextNow D/TextNow: [SaveSingleRecordRunnableBase] transitions-dev Record saved: {"call_uuid":"8556b8af-e594-4709-80b6-1416e9f1cf26","created_at":"2020-06-23 19:18:36.690","from_network":"CALL_TRYING_STATE","is_successful":true,"time_taken_ms":0,"to_network":"CALL_RINGING"}
2020-06-23 15:18:36.697 5759-5912/com.enflick.android.TextNow D/TextNow: [CallingFragment] updateCallStateBanner() called with: state = [RINGING]
2020-06-23 15:18:36.697 5759-5912/com.enflick.android.TextNow D/TextNow: [CallingFragment] updateCallStateBanner() called with: state = [RINGING]
2020-06-23 15:18:36.697 5759-6548/com.enflick.android.TextNow D/PjSip: 2020-06-23 15:18:36.697 strm0x79bcdf0b      pjsua_0  Encoder stream started
2020-06-23 15:18:36.697 5759-5912/com.enflick.android.TextNow D/TextNow: [CallingFragment] updateInCallDetailsForPhoneCall: ac692afe-6eb2-4297-8c07-5d95b34da402 isConference: false
2020-06-23 15:18:36.698 5759-5912/com.enflick.android.TextNow D/TextNow: [CallingFragment] updateMinsRemaining: ac692afe-6eb2-4297-8c07-5d95b34da402 isConference: false
2020-06-23 15:18:36.698 5759-6548/com.enflick.android.TextNow D/PjSip: 2020-06-23 15:18:36.698 strm0x79bcdf0b      pjsua_0  Decoder stream started
2020-06-23 15:18:36.701 5759-5912/com.enflick.android.TextNow D/TextNow: [CallService] onCallStateChanged() called with: callId = [ac692afe-6eb2-4297-8c07-5d95b34da402], state = [RINGING], callType = [VOIP]
2020-06-23 15:18:36.701 5759-6056/com.enflick.android.TextNow V/[VERBOSE][Leanplum]: [com.leanplum.internal.LeanplumInternal::trackInternal::378]: Will call API method track with arguments {event=EVENT_OUTBOUND_CALL_VOIP, value=0.0, info=}
2020-06-23 15:18:36.701 5759-6548/com.enflick.android.TextNow D/PjSip: 2020-06-23 15:18:36.701  pjsua_media.c      pjsua_0  Audio updated, stream #0: opus (sendrecv)
2020-06-23 15:18:36.702 5759-5912/com.enflick.android.TextNow D/TextNow: [CallManagerNotificationHelper] Call ID ac692afe-6eb2-4297-8c07-5d95b34da402 onCallStateChanged RINGING
2020-06-23 15:18:36.702 5759-5912/com.enflick.android.TextNow D/TextNow: [LeanPlumHelper] Starting LeanPlumReportingRunnable for: EVENT_OUTBOUND_CALL_VOIP
2020-06-23 15:18:36.702 5759-5912/com.enflick.android.TextNow D/TextNow: [PjCall] onStreamCreated() -- org.pjsip.pjsua2.SWIGTYPE_p_void@c0c62c  idx = 0
2020-06-23 15:18:36.705 5759-6548/com.enflick.android.TextNow D/PjSip: 2020-06-23 15:18:36.705    pjsua_aud.c      pjsua_0  Conf connect: 0 --> 2
2020-06-23 15:18:36.706 5759-6548/com.enflick.android.TextNow D/PjSip: 2020-06-23 15:18:36.706   conference.c      pjsua_0  Port 0 (Android JNI) transmitting to port 2 (sip:+14242908378@stage.tncp.textnow.com)
2020-06-23 15:18:36.706 5759-6548/com.enflick.android.TextNow D/PjSip: 2020-06-23 15:18:36.706    pjsua_aud.c      pjsua_0  Conf connect: 2 --> 0
2020-06-23 15:18:36.706 5759-6548/com.enflick.android.TextNow D/PjSip: 2020-06-23 15:18:36.706   conference.c      pjsua_0  Port 2 (sip:+14242908378@stage.tncp.textnow.com) transmitting to port 0 (Android JNI)
2020-06-23 15:18:36.708 5759-6548/com.enflick.android.TextNow D/PjSip: 2020-06-23 15:18:36.708   pjsua_core.c      pjsua_0  TX 557 bytes Request msg ACK/cseq=25068 (tdta0x79cd1f2a68) to UDP 52.203.74.121:5090:
    ACK sip:+14242908378@10.231.40.224:4060;transport=udp SIP/2.0
    v: SIP/2.0/UDP 108.170.177.208:45526;rport;branch=z9hG4bKPjab994dc0-af4a-4e69-aac8-71a2a10f404d
    Max-Forwards: 70
    f: sip:19204623541_pJYt8iH7RfSOJCFwdvleD9M9TlizPU6XX3qWgONAVmvK@stage.tncp.textnow.com;tag=bdb85211-d26e-40ad-99a8-55907065a4a2
    t: sip:+14242908378@stage.tncp.textnow.com;tag=cQBtcN0tBUDSB
    i: 8556b8af-e594-4709-80b6-1416e9f1cf26
    CSeq: 25068 ACK
    Route: <sip:52.203.74.121:5090;lr;r2=on>
    Route: <sip:10.231.33.44;lr;r2=on>
    Route: <sip:10.231.33.77;lr;did=056.df72>
    l:  0
    
    
    --end msg--
2020-06-23 15:18:36.712 5759-5912/com.enflick.android.TextNow D/TextNow: [PjInstance] notifyCallState() called with call number: 0, state: CONFIRMED pjsip_inv_state: PJSIP_INV_STATE_CONFIRMED
2020-06-23 15:18:36.713 5759-5912/com.enflick.android.TextNow D/TextNow: [PjInstance] Attempting to stop ringback tone when not playing -- skipping.
2020-06-23 15:18:36.714 5759-5912/com.enflick.android.TextNow D/TextNow: [PjSipClient] notifyCallState(), Call-ID: ac692afe-6eb2-4297-8c07-5d95b34da402 callState: PJSIP_INV_STATE_CONFIRMED
2020-06-23 15:18:36.719 5759-5912/com.enflick.android.TextNow D/TextNow: [LeanPlumReportingRunnable] Saved event: EVENT_OUTBOUND_CALL_VOIP without info
2020-06-23 15:18:36.724 5759-5912/com.enflick.android.TextNow D/TextNow: [PjSipClient] notifyCallMediaState(callId: ac692afe-6eb2-4297-8c07-5d95b34da402, isHeld: false)
2020-06-23 15:18:36.983 5759-5912/com.enflick.android.TextNow D/TextNow: [CallingFragment] - AudioRoute changed to: Receiver
2020-06-23 15:18:36.984 5759-5912/com.enflick.android.TextNow D/TextNow: [CallingFragment] - updateAudioButton: 'speaker toggle' mode...
2020-06-23 15:18:36.987 5759-5912/com.enflick.android.TextNow D/TextNow: [CallManager] onCallStateChanged(): Local Call-ID = [ac692afe-6eb2-4297-8c07-5d95b34da402], callState = [ESTABLISHED]
2020-06-23 15:18:36.988 5759-5912/com.enflick.android.TextNow D/TextNow: [CallManager] Note: Current active call ID is ac692afe-6eb2-4297-8c07-5d95b34da402
2020-06-23 15:18:36.989 5759-5912/com.enflick.android.TextNow D/TextNow: [CallManager] onCallEstablished - ac692afe-6eb2-4297-8c07-5d95b34da402
2020-06-23 15:18:37.010 5759-5912/com.enflick.android.TextNow D/TextNow: [CallStateMachineV3] mMosScoreThreshold: 3.0, mMosFilterWindowSize: 5, mMosFilterMaxSamplesBelowThreshold: 5, mNumMosSamplesToSkipAfterTransition: 5
2020-06-23 15:18:37.011 5759-5912/com.enflick.android.TextNow D/TextNow: [CallStateMachineV3] Initialized CallStateMachine.
2020-06-23 15:18:37.012 5759-5912/com.enflick.android.TextNow D/TextNow: [CallStateMachineV3] Other party's phone number: +14242908378
2020-06-23 15:18:37.012 5759-5912/com.enflick.android.TextNow D/TextNow: [CallStateMachineV3] Our phone number: 9204623541
2020-06-23 15:18:37.012 5759-5912/com.enflick.android.TextNow D/TextNow: [MidCallPSTNHandover] CDMA Fallback is not enabled for this profile.
2020-06-23 15:18:37.013 5759-5912/com.enflick.android.TextNow D/TextNow: [MidCallPSTNHandover] This feature is not allowed for this user
2020-06-23 15:18:37.013 5759-5912/com.enflick.android.TextNow D/TextNow: [MidCallPSTNHandover] CDMA Fallback is not enabled for this profile.
2020-06-23 15:18:37.013 5759-5912/com.enflick.android.TextNow D/TextNow: [MidCallPSTNHandover] This feature is not allowed for this user
2020-06-23 15:18:37.044 5759-5759/com.enflick.android.TextNow W/System.err: SLF4J: Defaulting to no-operation (NOP) logger implementation
2020-06-23 15:18:37.044 5759-5759/com.enflick.android.TextNow W/System.err: SLF4J: See http://www.slf4j.org/codes.html#StaticLoggerBinder for further details.
2020-06-23 15:18:37.090 5759-5912/com.enflick.android.TextNow D/TextNow: [EventReporter] Event: CALL_STATE_MACHINE [Enabled. Log: From:9204623541 To:+14242908378 WiFi-to-Data:true Data to GSM/CDMA:false Auto-answer Type: AUTO_ANSWER_CALL_NOT_SUPPORTED Client MDN: +16099928565 Server MDN: ]
2020-06-23 15:18:37.091 5759-5759/com.enflick.android.TextNow D/CompatibilityChangeReporter: Compat change id reported: 147798919; UID 10306; state: DISABLED
2020-06-23 15:18:37.105 5759-5912/com.enflick.android.TextNow D/TextNow: [CallStateMachineV3] From:9204623541 To:+14242908378 WiFi-to-Data:true Data to GSM/CDMA:false Auto-answer Type: AUTO_ANSWER_CALL_NOT_SUPPORTED Client MDN: +16099928565 Server MDN:
2020-06-23 15:18:37.106 5759-5912/com.enflick.android.TextNow D/TextNow: [CallStateMachine] onCallEstablished: with bearer WIFI
2020-06-23 15:18:37.106 5759-5912/com.enflick.android.TextNow D/TextNow: [IncomingCallReporter] handleCallAccepted() called with: call from = [ +14242908378 ]
2020-06-23 15:18:37.107 5759-5912/com.enflick.android.TextNow D/TextNow: [CallRecordReporter] endCallRecord() called with: callId = [ 8556b8af-e594-4709-80b6-1416e9f1cf26 ], runWithCallRecord = [ Function1<com.enflick.android.phone.callmonitor.diagnostics.CallRecord, kotlin.Unit> ]
2020-06-23 15:18:37.107 5759-5912/com.enflick.android.TextNow D/TextNow: [CallStateMachineV3] CSM (8556b8af-e594-4709-80b6-1416e9f1cf26,ac692afe-6eb2-4297-8c07-5d95b34da402): stateCallEstablishing -> stateVoipWifiWaitForData, ESTABLISHED_WIFI, with mIsOtherNetworkGoodEnough: false
2020-06-23 15:18:37.107 5759-5912/com.enflick.android.TextNow D/TextNow: [CallStateMachineV3] Call established on Wifi
2020-06-23 15:18:37.107 5759-5912/com.enflick.android.TextNow D/TextNow: [CallStateMachineV3] Call established - requesting modem ON in 10000 ms
2020-06-23 15:18:37.108 5759-5912/com.enflick.android.TextNow D/TextNow: [CallTime] reset timer...
2020-06-23 15:18:37.108 5759-5912/com.enflick.android.TextNow D/TextNow: [CallManager] reportCallEstablished() called
2020-06-23 15:18:37.108 5759-5912/com.enflick.android.TextNow V/TextNow: [EventReporter] reportCallingEvent() called with: event = [CALL_ESTABLISHED], classTag = [CallManager], stacktrace = [[com.enflick.android.phone.callmonitor.diagnostics.EventReporter.reportCallingEvent(EventReporter.kt:31), com.enflick.android.TextNow.tncalling.CallManager.reportCallEstablished(CallManager.java:3033), com.enflick.android.TextNow.tncalling.CallManager.onCallEstablishedHelper(CallManager.java:1828)]]
2020-06-23 15:18:37.109 5759-5912/com.enflick.android.TextNow D/TextNow: [EventReporter] Event: CALL_ESTABLISHED [CallManager, []]
2020-06-23 15:18:37.109 5759-5912/com.enflick.android.TextNow V/TextNow: [CallManager] Call established -- enabling CallDiagnostics for call with id: ac692afe-6eb2-4297-8c07-5d95b34da402
2020-06-23 15:18:37.109 5759-5912/com.enflick.android.TextNow D/TextNow: [CallDiagnostics] Starting call diagnostics for callId: ac692afe-6eb2-4297-8c07-5d95b34da402
2020-06-23 15:18:37.110 5759-5912/com.enflick.android.TextNow D/TextNow: [SaveSingleRecordRunnableBase] calls-dev Record saved: {"created_at":"2020-06-23 19:18:37","http_response_status":200,"event_source":"client","username":"karn","client_type":"TN_ANDROID","client_version":"20.22.0.0","country_code":"","call_direction":"outgoing","call_duration":0,"from_username":"karn","call_status":"answered","from":"+19204623541","to":"+14242908378"}
2020-06-23 15:18:37.112 5759-5912/com.enflick.android.TextNow D/TextNow: [CallDiagnostics] startMonitoringCall: created CallData for new call: bundle data: Bundle[{last_network=WIFI, sip_call_id=8556b8af-e594-4709-80b6-1416e9f1cf26, client_call_id=ac692afe-6eb2-4297-8c07-5d95b34da402, call_type=VOIP, sip_registrar_endpoint=52.203.74.121:5090, start_of_call_volume=6, codec=opus/8000, call_start_time=1592939917108, sip_client_name=pjsip, call_direction=Outgoing, start_of_call_mute=false, reporting_id=8556b8af-e594-4709-80b6-1416e9f1cf26, sip_registrar_domain=stage.tncp.textnow.com, max_call_volume=7}]	transitionedToFallback: false
2020-06-23 15:18:37.112 5759-5912/com.enflick.android.TextNow D/TextNow: [CallDiagnostics] **************************Call Started**************************
2020-06-23 15:18:37.137 5759-5912/com.enflick.android.TextNow D/TextNow: [CallDiagnostics] App Version: 20.22.0.0
2020-06-23 15:18:37.138 5759-5912/com.enflick.android.TextNow D/TextNow: [CallDiagnostics] coral   unknown
2020-06-23 15:18:37.138 5759-5912/com.enflick.android.TextNow D/TextNow: [CallDiagnostics] Account Information: false   null
2020-06-23 15:18:37.138 5759-5912/com.enflick.android.TextNow D/TextNow: [CallDiagnostics] 
2020-06-23 15:18:37.138 5759-5912/com.enflick.android.TextNow D/TextNow: [CallDiagnostics] Manufacturer: Google
2020-06-23 15:18:37.138 5759-5912/com.enflick.android.TextNow D/TextNow: [CallDiagnostics] Model: Pixel 4 XL
2020-06-23 15:18:37.138 5759-5912/com.enflick.android.TextNow D/TextNow: [CallDiagnostics] OS: 11
2020-06-23 15:18:37.138 5759-5912/com.enflick.android.TextNow D/TextNow: [CallDiagnostics] 
2020-06-23 15:18:37.138 5759-5912/com.enflick.android.TextNow D/TextNow: [CallDiagnostics] Phone type: GSM, Carrier: Bell, Network type: 18
2020-06-23 15:18:37.139 5759-5759/com.enflick.android.TextNow D/CompatibilityChangeReporter: Compat change id reported: 147600208; UID 10306; state: DISABLED
2020-06-23 15:18:37.144 5759-5912/com.enflick.android.TextNow D/TextNow: [CallManager] notifyCallStateChanged() called with: callId = [ac692afe-6eb2-4297-8c07-5d95b34da402], state = [ESTABLISHED]
2020-06-23 15:18:37.145 5759-5912/com.enflick.android.TextNow V/TextNow: [CallManager] Call established -- sending CallService start intent.
2020-06-23 15:18:37.145 5759-5912/com.enflick.android.TextNow V/TextNow: [CallService] Getting CallService intent for action: com.enflick.android.TextNow.action.start_service_foreground_established_call
2020-06-23 15:18:37.146 5759-5912/com.enflick.android.TextNow D/TextNow: [CallingFragment] onCallStateChanged for state: ESTABLISHED
2020-06-23 15:18:37.147 5759-5912/com.enflick.android.TextNow D/TextNow: [CallingFragment] updateCallStateBanner() called with: state = [ESTABLISHED]
2020-06-23 15:18:37.147 5759-5912/com.enflick.android.TextNow D/TextNow: [CallingFragment] updateCallStateBanner() called with: state = [ESTABLISHED]
2020-06-23 15:18:37.148 5759-5912/com.enflick.android.TextNow D/TextNow: [CallingFragment] updateInCallDetailsForPhoneCall: ac692afe-6eb2-4297-8c07-5d95b34da402 isConference: false
2020-06-23 15:18:37.148 5759-5912/com.enflick.android.TextNow D/TextNow: [CallingFragment] updateMinsRemaining: ac692afe-6eb2-4297-8c07-5d95b34da402 isConference: false
2020-06-23 15:18:37.149 5759-5912/com.enflick.android.TextNow D/TextNow: [CallService] onCallStateChanged() called with: callId = [ac692afe-6eb2-4297-8c07-5d95b34da402], state = [ESTABLISHED], callType = [VOIP]
2020-06-23 15:18:37.153 5759-5912/com.enflick.android.TextNow D/TextNow: [CallManager] notifyCallHoldStateChanged() called with: callId = [ac692afe-6eb2-4297-8c07-5d95b34da402], holdState = [Active]
2020-06-23 15:18:37.154 5759-5912/com.enflick.android.TextNow D/TextNow: [CallingFragment] Call hold state changed for id: ac692afe-6eb2-4297-8c07-5d95b34da402 to Active
2020-06-23 15:18:37.154 5759-5912/com.enflick.android.TextNow D/TextNow: [CallingFragment] updateInCallDetailsForPhoneCall: ac692afe-6eb2-4297-8c07-5d95b34da402 isConference: false
2020-06-23 15:18:37.154 5759-5912/com.enflick.android.TextNow D/TextNow: [CallingFragment] updateMinsRemaining: ac692afe-6eb2-4297-8c07-5d95b34da402 isConference: false
2020-06-23 15:18:37.156 5759-5912/com.enflick.android.TextNow D/TextNow: [CallHeartbeatService] onCallHoldStateChanged() called with: context = [com.enflick.android.TextNow.TextNowDebugApp@a1dbb43], holdState = [Active], isCallConference = [false]
2020-06-23 15:18:37.158 5759-5912/com.enflick.android.TextNow D/TextNow: [CallManagerNotificationHelper] Call ID ac692afe-6eb2-4297-8c07-5d95b34da402 onCallStateChanged ESTABLISHED
2020-06-23 15:18:37.158 5759-5912/com.enflick.android.TextNow D/TextNow: [CallManagerNotificationHelper] Removing incoming call notification
2020-06-23 15:18:37.159 5759-5912/com.enflick.android.TextNow D/TextNow: [CallManagerNotificationHelper] Asked to stop ringing
2020-06-23 15:18:37.159 5759-5912/com.enflick.android.TextNow D/TextNow: [Ringer] Is phone ringtone playing? : false
2020-06-23 15:18:37.160 5759-5912/com.enflick.android.TextNow D/TextNow: [Ringer] Is phone vibrating? : false
2020-06-23 15:18:37.161 5759-5912/com.enflick.android.TextNow D/TextNow: [CallManager] onCallStateChanged(): Local Call-ID = [ac692afe-6eb2-4297-8c07-5d95b34da402], callState = [ESTABLISHED]
2020-06-23 15:18:37.162 5759-5912/com.enflick.android.TextNow D/TextNow: [CallManager] Note: Current active call ID is ac692afe-6eb2-4297-8c07-5d95b34da402
2020-06-23 15:18:37.163 5759-5912/com.enflick.android.TextNow D/TextNow: [CallManager] onCallEstablished - ac692afe-6eb2-4297-8c07-5d95b34da402
2020-06-23 15:18:37.165 5759-5912/com.enflick.android.TextNow D/TextNow: [CallManager] notifyCallHoldStateChanged() called with: callId = [ac692afe-6eb2-4297-8c07-5d95b34da402], holdState = [Active]
2020-06-23 15:18:37.166 5759-5912/com.enflick.android.TextNow D/TextNow: [CallingFragment] Call hold state changed for id: ac692afe-6eb2-4297-8c07-5d95b34da402 to Active
2020-06-23 15:18:37.167 5759-5912/com.enflick.android.TextNow D/TextNow: [CallingFragment] updateInCallDetailsForPhoneCall: ac692afe-6eb2-4297-8c07-5d95b34da402 isConference: false
2020-06-23 15:18:37.167 5759-5912/com.enflick.android.TextNow D/TextNow: [CallingFragment] updateMinsRemaining: ac692afe-6eb2-4297-8c07-5d95b34da402 isConference: false
2020-06-23 15:18:37.168 5759-5912/com.enflick.android.TextNow D/TextNow: [CallHeartbeatService] onCallHoldStateChanged() called with: context = [com.enflick.android.TextNow.TextNowDebugApp@a1dbb43], holdState = [Active], isCallConference = [false]
2020-06-23 15:18:37.168 5759-5912/com.enflick.android.TextNow D/TextNow: [CallManagerNotificationHelper] Call ID ac692afe-6eb2-4297-8c07-5d95b34da402 onCallStateChanged ESTABLISHED
2020-06-23 15:18:37.168 5759-5912/com.enflick.android.TextNow D/TextNow: [CallManagerNotificationHelper] Removing incoming call notification
2020-06-23 15:18:37.169 5759-5912/com.enflick.android.TextNow D/TextNow: [CallManagerNotificationHelper] Asked to stop ringing
2020-06-23 15:18:37.169 5759-5912/com.enflick.android.TextNow D/TextNow: [Ringer] Is phone ringtone playing? : false
2020-06-23 15:18:37.169 5759-5912/com.enflick.android.TextNow D/TextNow: [Ringer] Is phone vibrating? : false
2020-06-23 15:18:37.169 5759-5912/com.enflick.android.TextNow D/TextNow: [InCallAudioManager] onReceive() - android.media.ACTION_SCO_AUDIO_STATE_UPDATED
2020-06-23 15:18:37.169 5759-5912/com.enflick.android.TextNow D/TextNow: [InCallAudioManager] prevState = -1
2020-06-23 15:18:37.169 5759-5912/com.enflick.android.TextNow D/TextNow: [InCallAudioManager] state     = 0
2020-06-23 15:18:37.169 5759-5912/com.enflick.android.TextNow D/TextNow: [InCallAudioManager] actionScoAudioStateUpdated RECEIVER
2020-06-23 15:18:37.183 5759-5912/com.enflick.android.TextNow D/TextNow: [CallService] CallService received command from intent: Intent { act=com.enflick.android.TextNow.action.start_service_foreground_established_call cmp=com.enflick.android.TextNow/.tncalling.CallService }
2020-06-23 15:18:37.184 5759-5912/com.enflick.android.TextNow D/TextNow: [CallService] CallService intent received for start foreground for established call
2020-06-23 15:18:37.184 5759-5912/com.enflick.android.TextNow D/TextNow: [CallManager] getCurrentCallState() called
2020-06-23 15:18:37.185 5759-5912/com.enflick.android.TextNow E/TextNow: [ContactUtils] Permission is missing
2020-06-23 15:18:37.186 5759-5912/com.enflick.android.TextNow D/TextNow: [DialerActivity] getIntentToCall() called with: host = [com.enflick.android.TextNow.tncalling.CallService@a81da00], contact = [null]
2020-06-23 15:18:37.333 5759-6564/com.enflick.android.TextNow D/PjSip: 2020-06-23 15:18:37.333         opus.c android_trac  codec_modify:771: - TRACE
2020-06-23 15:18:38.144 5759-5912/com.enflick.android.TextNow D/TextNow: [CallDiagnostics] Updating call diagnostics for local Call-ID: ac692afe-6eb2-4297-8c07-5d95b34da402 after 1000ms
2020-06-23 15:18:38.148 5759-5912/com.enflick.android.TextNow V/TextNow: [PjUtils] rx bytes:590 disc=0 dup=0 jit=0,0 loss=0 lP=0us,0us lb=0 lr=0 pkt=20 re=0 upd=1592939917.928s updC=6
2020-06-23 15:18:38.149 5759-5912/com.enflick.android.TextNow V/TextNow: [PjUtils] tx bytes:240 disc=0 dup=0 jit=0,0 loss=0 lP=0us,0us lb=0 lr=0 pkt=71 re=0 upd=0.0s updC=0
2020-06-23 15:18:38.149 5759-5912/com.enflick.android.TextNow V/TextNow: [CallStats] Calculating call stats: [mos: 4.359843279296876 oneWayLatency: 75.0 packetLoss: 0.0 jitter: 0.0 totalPacketsSent: 71 totalPacketsReceived: 20 periodSent: 71 periodReceived: 20 sequenceNumber: 0 period: 1000 incomingOctetCount: 590 outgoingOctetCount: 240 network: null]
2020-06-23 15:18:38.150 5759-5912/com.enflick.android.TextNow V/TextNow: [CallDiagnostics] Call stats received: mos: 4.359843279296876 oneWayLatency: 75.0 packetLoss: 0.0 jitter: 0.0 totalPacketsSent: 71 totalPacketsReceived: 20 periodSent: 71 periodReceived: 20 sequenceNumber: 0 period: 1000 incomingOctetCount: 590 outgoingOctetCount: 240 network: WIFI
2020-06-23 15:18:38.152 5759-5912/com.enflick.android.TextNow V/TextNow: [CallStateMachineV3] onQosUpdate - mos: 4.360 latency: 75.000 packet loss: 0.000, jitter: 0.00
2020-06-23 15:18:38.152 5759-5912/com.enflick.android.TextNow D/TextNow: [CallStateMachineV3] Skipping this sample
2020-06-23 15:18:38.754 5759-6564/com.enflick.android.TextNow D/PjSip: 2020-06-23 15:18:38.754   Master/sound android_trac  Underflow, buf_cnt=0, will generate 1 frame
2020-06-23 15:18:38.834 5759-5912/com.enflick.android.TextNow D/TextNow: [CallManager] hangupCurrentCall() called
2020-06-23 15:18:38.834 5759-5912/com.enflick.android.TextNow D/TextNow: [CallManager] hangupCall() called with: callID = [ac692afe-6eb2-4297-8c07-5d95b34da402]
2020-06-23 15:18:38.835 5759-5912/com.enflick.android.TextNow I/TextNow: [PjInstance] Hanging up ac692afe-6eb2-4297-8c07-5d95b34da402
2020-06-23 15:18:38.835 5759-5912/com.enflick.android.TextNow D/TextNow: [PjCall] hanging up call ac692afe-6eb2-4297-8c07-5d95b34da402
2020-06-23 15:18:38.835 5759-6542/com.enflick.android.TextNow D/PjSip: 2020-06-23 15:18:38.835   pjsua_call.c thr0x77300ac !Call 0 hanging up: code=200..
2020-06-23 15:18:38.836 5759-6542/com.enflick.android.TextNow D/PjSip: 2020-06-23 15:18:38.836   pjsua_core.c thr0x77300ac  TX 598 bytes Request msg BYE/cseq=25069 (tdta0x79cd20abe8) to UDP 52.203.74.121:5090:
    BYE sip:+14242908378@10.231.40.224:4060;transport=udp SIP/2.0
    v: SIP/2.0/UDP 108.170.177.208:45526;rport;branch=z9hG4bKPjdf901d91-922b-463c-b037-0f4a65c1efcf
    Max-Forwards: 70
    f: sip:19204623541_pJYt8iH7RfSOJCFwdvleD9M9TlizPU6XX3qWgONAVmvK@stage.tncp.textnow.com;tag=bdb85211-d26e-40ad-99a8-55907065a4a2
    t: sip:+14242908378@stage.tncp.textnow.com;tag=cQBtcN0tBUDSB
    i: 8556b8af-e594-4709-80b6-1416e9f1cf26
    CSeq: 25069 BYE
    Route: <sip:52.203.74.121:5090;lr;r2=on>
    Route: <sip:10.231.33.44;lr;r2=on>
    Route: <sip:10.231.33.77;lr;did=056.df72>
    User-Agent: TextNow PjSip 2.6/20.22.0.0
    l:  0
    
    
    --end msg--
2020-06-23 15:18:38.899 5759-6548/com.enflick.android.TextNow D/PjSip: 2020-06-23 15:18:38.899   pjsua_core.c      pjsua_0  RX 517 bytes Response msg 200/BYE/cseq=25069 (rdata0x79fcde98d8) from UDP 52.203.74.121:5090:
    SIP/2.0 200 OK
    v: SIP/2.0/UDP 108.170.177.208:45526;received=108.170.177.208;rport=45526;branch=z9hG4bKPjdf901d91-922b-463c-b037-0f4a65c1efcf
    f: sip:19204623541_pJYt8iH7RfSOJCFwdvleD9M9TlizPU6XX3qWgONAVmvK@stage.tncp.textnow.com;tag=bdb85211-d26e-40ad-99a8-55907065a4a2
    t: sip:+14242908378@stage.tncp.textnow.com;tag=cQBtcN0tBUDSB
    i: 8556b8af-e594-4709-80b6-1416e9f1cf26
    CSeq: 25069 BYE
    User-Agent:internal
    Allow:INVITE,ACK,BYE,CANCEL,OPTIONS,MESSAGE,INFO,UPDATE,REGISTER,REFER,NOTIFY
    k:path,replaces
    l:0
    
    
    --end msg--
2020-06-23 15:18:38.901 5759-6548/com.enflick.android.TextNow D/PjSip: 2020-06-23 15:18:38.901  pjsua_media.c      pjsua_0  Call 0: deinitializing media..
2020-06-23 15:18:38.901 5759-5912/com.enflick.android.TextNow D/TextNow: [PjInstance] notifyCallState() called with call number: 0, state: DISCONNCTD pjsip_inv_state: PJSIP_INV_STATE_DISCONNECTED
2020-06-23 15:18:38.901 5759-5912/com.enflick.android.TextNow D/TextNow: [PjInstance] Attempting to stop ringback tone when not playing -- skipping.
2020-06-23 15:18:38.901 5759-5912/com.enflick.android.TextNow D/TextNow: [PjSipClient] notifyCallState(), Call-ID: ac692afe-6eb2-4297-8c07-5d95b34da402 callState: PJSIP_INV_STATE_DISCONNECTED
2020-06-23 15:18:38.902 5759-5912/com.enflick.android.TextNow D/TextNow: [InCallAudioManager] No more established calls -- resetting InCallAudioManager state
2020-06-23 15:18:38.902 5759-5912/com.enflick.android.TextNow D/TextNow: [PjCall] onStreamDestroyed() -- org.pjsip.pjsua2.SWIGTYPE_p_void@326e289  idx = 0
2020-06-23 15:18:38.902 5759-6548/com.enflick.android.TextNow D/PjSip: 2020-06-23 15:18:38.902  pjsua_media.c      pjsua_0  Media stream call00:0 is destroyed
2020-06-23 15:18:39.133 5759-5912/com.enflick.android.TextNow D/TextNow: [InCallAudioManager] setAudioRoute() -- RECEIVER -- current: RECEIVER
2020-06-23 15:18:39.133 5759-5912/com.enflick.android.TextNow D/TextNow: [InCallAudioManager] C setSpeakerphoneOn(false)
2020-06-23 15:18:39.134 5759-5912/com.enflick.android.TextNow D/TextNow: [CallingFragment] - AudioRoute changed to: Receiver
2020-06-23 15:18:39.134 5759-5912/com.enflick.android.TextNow D/TextNow: [CallingFragment] - updateAudioButton: 'speaker toggle' mode...
2020-06-23 15:18:39.135 5759-5912/com.enflick.android.TextNow D/TextNow: [CallManager] onCallStateChanged(): Local Call-ID = [ac692afe-6eb2-4297-8c07-5d95b34da402], callState = [TERMINATED]
2020-06-23 15:18:39.135 5759-5912/com.enflick.android.TextNow D/TextNow: [CallManager] Note: Current active call ID is ac692afe-6eb2-4297-8c07-5d95b34da402
2020-06-23 15:18:39.135 5759-5912/com.enflick.android.TextNow D/TextNow: [EventReporter] Event: CALL_STATE_MACHINE [Call Ended, TERMINATED, Call ID, ac692afe-6eb2-4297-8c07-5d95b34da402, Call Type, VOIP, Contact: , +14242908378, Is Outgoing Call?, true, Duration, 1001]
2020-06-23 15:18:39.136 5759-5912/com.enflick.android.TextNow D/TextNow: [CallTime] cancelTimer()...
2020-06-23 15:18:39.136 5759-5912/com.enflick.android.TextNow D/TextNow: [CallTime] reset timer...
2020-06-23 15:18:39.136 5759-5912/com.enflick.android.TextNow D/TextNow: [CallManager] notifyCallStateChanged() called with: callId = [ac692afe-6eb2-4297-8c07-5d95b34da402], state = [TERMINATED]
2020-06-23 15:18:39.136 5759-5912/com.enflick.android.TextNow D/TextNow: [CallingFragment] onCallStateChanged for state: TERMINATED
2020-06-23 15:18:39.136 5759-5912/com.enflick.android.TextNow D/TextNow: [CallService] onCallStateChanged() called with: callId = [ac692afe-6eb2-4297-8c07-5d95b34da402], state = [TERMINATED], callType = [VOIP]
2020-06-23 15:18:39.137 5759-5912/com.enflick.android.TextNow D/TextNow: [CallManager] onCallEnded() called with: callId = [ac692afe-6eb2-4297-8c07-5d95b34da402], callDisposition = [TERMINATED]
2020-06-23 15:18:39.137 5759-6056/com.enflick.android.TextNow V/[VERBOSE][Leanplum]: [com.leanplum.internal.LeanplumInternal::trackInternal::378]: Will call API method track with arguments {event=Event Call Duration VOIP, value=2.0, info=}
2020-06-23 15:18:39.137 5759-5912/com.enflick.android.TextNow D/TextNow: [CallTime] cancelTimer()...
2020-06-23 15:18:39.137 5759-5912/com.enflick.android.TextNow D/TextNow: [CallTime] reset timer...
2020-06-23 15:18:39.137 5759-5912/com.enflick.android.TextNow D/TextNow: [IncomingCallReporter] handleCallDisposed() called with: call from = [ +14242908378 ], callDisposition = [ USER_HUNGUP ]
2020-06-23 15:18:39.137 5759-5912/com.enflick.android.TextNow D/TextNow: [CallRecordReporter] endCallRecord() called with: callId = [ 8556b8af-e594-4709-80b6-1416e9f1cf26 ], runWithCallRecord = [ Function1<com.enflick.android.phone.callmonitor.diagnostics.CallRecord, kotlin.Unit> ]
2020-06-23 15:18:39.137 5759-5912/com.enflick.android.TextNow D/TextNow: [CallStateMachine] onCallEnded()
2020-06-23 15:18:39.137 5759-5912/com.enflick.android.TextNow D/TextNow: [CallStateMachineV3] CSM (8556b8af-e594-4709-80b6-1416e9f1cf26,ac692afe-6eb2-4297-8c07-5d95b34da402): stateVoipWifiWaitForData -> stateCallEnded, ENDED, with mIsOtherNetworkGoodEnough: false
2020-06-23 15:18:39.138 5759-5912/com.enflick.android.TextNow D/TextNow: [LeanPlumHelper] Starting LeanPlumReportingRunnable for: Event Call Duration VOIP
2020-06-23 15:18:39.138 5759-5912/com.enflick.android.TextNow E/TextNow: [ModemKeepAliveLollipop] Unable to unregister callback.
2020-06-23 15:18:39.138 5759-5912/com.enflick.android.TextNow E/TextNow: [ModemKeepAliveLollipop] java.lang.IllegalArgumentException: NetworkCallback was not registered
2020-06-23 15:18:39.139 5759-5912/com.enflick.android.TextNow E/TextNow: [ModemKeepAliveLollipop] 	at com.android.internal.util.Preconditions.checkArgument(Preconditions.java:52)
2020-06-23 15:18:39.139 5759-5912/com.enflick.android.TextNow E/TextNow: [ModemKeepAliveLollipop] 	at android.net.ConnectivityManager.unregisterNetworkCallback(ConnectivityManager.java:4184)
2020-06-23 15:18:39.139 5759-5912/com.enflick.android.TextNow E/TextNow: [ModemKeepAliveLollipop] 	at com.enflick.android.TextNow.TNFoundation.modemkeepalive.ModemKeepAliveLollipop.setState(ModemKeepAliveLollipop.java:89)
2020-06-23 15:18:39.139 5759-5912/com.enflick.android.TextNow E/TextNow: [ModemKeepAliveLollipop] 	at com.enflick.android.TextNow.TNFoundation.modemkeepalive.ModemKeepAlive.requestModemState(ModemKeepAlive.java:77)
2020-06-23 15:18:39.139 5759-5912/com.enflick.android.TextNow E/TextNow: [ModemKeepAliveLollipop] 	at com.enflick.android.phone.callmonitor.callstatemachine.CallStateMachineV3$1$1.execute(CallStateMachineV3.java:135)
2020-06-23 15:18:39.139 5759-5912/com.enflick.android.TextNow E/TextNow: [ModemKeepAliveLollipop] 	at com.enflick.android.phone.callmonitor.callstatemachine.CallStateMachineV3$1$1.execute(CallStateMachineV3.java:121)
2020-06-23 15:18:39.139 5759-5912/com.enflick.android.TextNow E/TextNow: [ModemKeepAliveLollipop] 	at com.enflick.android.phone.callmonitor.callstatemachine.CallStateMachineV3$13.execute(CallStateMachineV3.java:821)
2020-06-23 15:18:39.139 5759-5912/com.enflick.android.TextNow E/TextNow: [ModemKeepAliveLollipop] 	at com.enflick.android.phone.callmonitor.callstatemachine.CallStateMachineV3$13.execute(CallStateMachineV3.java:817)
2020-06-23 15:18:39.139 5759-5912/com.enflick.android.TextNow E/TextNow: [ModemKeepAliveLollipop] 	at org.statefulj.fsm.FSM.executeAction(FSM.java:228)
2020-06-23 15:18:39.139 5759-5912/com.enflick.android.TextNow E/TextNow: [ModemKeepAliveLollipop] 	at org.statefulj.fsm.FSM.transition(FSM.java:196)
2020-06-23 15:18:39.139 5759-5912/com.enflick.android.TextNow E/TextNow: [ModemKeepAliveLollipop] 	at org.statefulj.fsm.FSM.onEvent(FSM.java:116)
2020-06-23 15:18:39.139 5759-5912/com.enflick.android.TextNow E/TextNow: [ModemKeepAliveLollipop] 	at com.enflick.android.phone.callmonitor.callstatemachine.CallStateMachine.onCallEnded(CallStateMachine.java:425)
2020-06-23 15:18:39.139 5759-5912/com.enflick.android.TextNow E/TextNow: [ModemKeepAliveLollipop] 	at com.enflick.android.TextNow.tncalling.CallManager.onCallEnded(CallManager.java:1924)
2020-06-23 15:18:39.139 5759-5912/com.enflick.android.TextNow E/TextNow: [ModemKeepAliveLollipop] 	at com.enflick.android.TextNow.tncalling.CallManager.onCallStateChanged(CallManager.java:2542)
2020-06-23 15:18:39.139 5759-5912/com.enflick.android.TextNow E/TextNow: [ModemKeepAliveLollipop] 	at com.enflick.android.TextNow.client.PjSipClient$8.run(PjSipClient.java:799)
2020-06-23 15:18:39.139 5759-5912/com.enflick.android.TextNow E/TextNow: [ModemKeepAliveLollipop] 	at android.os.Handler.handleCallback(Handler.java:938)
2020-06-23 15:18:39.139 5759-5912/com.enflick.android.TextNow E/TextNow: [ModemKeepAliveLollipop] 	at android.os.Handler.dispatchMessage(Handler.java:99)
2020-06-23 15:18:39.139 5759-5912/com.enflick.android.TextNow E/TextNow: [ModemKeepAliveLollipop] 	at android.os.Looper.loop(Looper.java:223)
2020-06-23 15:18:39.140 5759-5912/com.enflick.android.TextNow E/TextNow: [ModemKeepAliveLollipop] 	at java.lang.reflect.Method.invoke(Native Method)
2020-06-23 15:18:39.140 5759-5912/com.enflick.android.TextNow E/TextNow: [ModemKeepAliveLollipop] 	at com.android.internal.os.RuntimeInit$MethodAndArgsCaller.run(RuntimeInit.java:592)
2020-06-23 15:18:39.140 5759-5912/com.enflick.android.TextNow E/TextNow: [ModemKeepAliveLollipop] 	at com.android.internal.os.ZygoteInit.main(ZygoteInit.java:941)
2020-06-23 15:18:39.140 5759-5912/com.enflick.android.TextNow W/TextNow: [ModemKeepAlive] Could not set the modem state to MODEM_STATE_OFF
2020-06-23 15:18:39.140 5759-5912/com.enflick.android.TextNow D/TextNow: [LeanPlumHelper] Starting LeanPlumReportingRunnable for: Event Call Duration
2020-06-23 15:18:39.140 5759-5912/com.enflick.android.TextNow D/TextNow: [LeanPlumHelper] Starting LeanPlumReportingRunnable for: Event Wifi Transitions
2020-06-23 15:18:39.140 5759-5912/com.enflick.android.TextNow D/TextNow: [CallManager] mMidCallPSTNHandoverEnabled = [false] and missed is [false]
2020-06-23 15:18:39.141 5759-5912/com.enflick.android.TextNow D/TextNow: [LeanPlumHelper] Starting LeanPlumReportingRunnable for: EVENT_REDIAL
2020-06-23 15:18:39.141 5759-5912/com.enflick.android.TextNow V/TextNow: [CallManager] Saving call details for id = [ac692afe-6eb2-4297-8c07-5d95b34da402]: {"call_duration_ms":2029,"call_end_time":"2020-06-23 19:18:39.137","call_missed":false,"call_start_time":"2020-06-23 19:18:37.108","call_uuid":"8556b8af-e594-4709-80b6-1416e9f1cf26","carrier":"Bell","client_type":"TN_ANDROID","client_version":"20.22.0.0","destination":"+14242908378","device_manufacturer":"Google","device_model":"coral","direction":"outgoing","geolocation_accuracy_m":0.0,"geolocation_latitude":0.0,"geolocation_longitude":0.0,"initialized_over_voip":true,"is_conference":false,"is_subscriber":false,"os_version":"30","redial_counter":0,"username":"karn","volume_in_dB":0.0,"volume_out_dB":0.0}
2020-06-23 15:18:39.144 5759-5912/com.enflick.android.TextNow D/TextNow: [CallDiagnostics] Updating call diagnostics for local Call-ID: ac692afe-6eb2-4297-8c07-5d95b34da402 after 1000ms
2020-06-23 15:18:39.144 5759-5912/com.enflick.android.TextNow D/TextNow: [SaveSingleRecordRunnableBase] calldetails-dev Record saved: {"call_duration_ms":2029,"call_end_time":"2020-06-23 19:18:39.137","call_missed":false,"call_start_time":"2020-06-23 19:18:37.108","call_uuid":"8556b8af-e594-4709-80b6-1416e9f1cf26","carrier":"Bell","client_type":"TN_ANDROID","client_version":"20.22.0.0","destination":"+14242908378","device_manufacturer":"Google","device_model":"coral","direction":"outgoing","geolocation_accuracy_m":0.0,"geolocation_latitude":0.0,"geolocation_longitude":0.0,"initialized_over_voip":true,"is_conference":false,"is_subscriber":false,"os_version":"30","redial_counter":0,"username":"karn","volume_in_dB":0.0,"volume_out_dB":0.0}
2020-06-23 15:18:39.144 5759-5912/com.enflick.android.TextNow V/TextNow: [PjCall] Invalid index provided -- no available call stats.
2020-06-23 15:18:39.144 5759-5912/com.enflick.android.TextNow E/TextNow: [CallDiagnostics] Could not get call stats for callId: ac692afe-6eb2-4297-8c07-5d95b34da402
2020-06-23 15:18:39.147 5759-5912/com.enflick.android.TextNow D/TextNow: [SaveSingleRecordRunnableBase] networkdetails-dev Record saved: {"call_uuid":"8556b8af-e594-4709-80b6-1416e9f1cf26","codec":"opus/8000","duration_ms":1995,"end_time":"2020-06-23 19:18:39.143","ip":"FE80::8A93:1FF7:54C5:F1D0","jitter_mean":0.0,"latency_mean":75.0,"mos_mean":4.359843279296876,"network":"wifi","packet_loss_mean":0.0,"start_time":"2020-06-23 19:18:37.148"}
2020-06-23 15:18:39.148 5759-5912/com.enflick.android.TextNow I/TextNow: [CallManager] Current active call id: [ac692afe-6eb2-4297-8c07-5d95b34da402] ending call id: [ac692afe-6eb2-4297-8c07-5d95b34da402]
2020-06-23 15:18:39.150 5759-5912/com.enflick.android.TextNow E/TextNow: [CallManager] Permission is missing
2020-06-23 15:18:39.153 5759-5912/com.enflick.android.TextNow D/TextNow: [LeanPlumReportingRunnable] Saved event: Event Call Duration VOIP with info double
2020-06-23 15:18:39.153 5759-6056/com.enflick.android.TextNow V/[VERBOSE][Leanplum]: [com.leanplum.internal.LeanplumInternal::trackInternal::378]: Will call API method track with arguments {event=Event Call Duration, value=2.0, info=}
2020-06-23 15:18:39.154 5759-5912/com.enflick.android.TextNow D/TextNow: [SaveSingleRecordRunnableBase] callquality-dev Record saved: {"uuid":"ac692afe-6eb2-4297-8c07-5d95b34da402","created_at":"2020-06-23 19:18:39","client_type":"TN_ANDROID","client_version":"20.22.0.0","device_model":"coral","os_version":"11","call_duration":2027,"username":"karn","network_type":"wifi","mean_mos_score":4,"median_mos_score":4}
2020-06-23 15:18:39.156 5759-6056/com.enflick.android.TextNow V/[VERBOSE][Leanplum]: [com.leanplum.internal.LeanplumInternal::trackInternal::378]: Will call API method track with arguments {event=EVENT_REDIAL, value=0.0, info=}
2020-06-23 15:18:39.159 5759-5912/com.enflick.android.TextNow D/TextNow: [PjSipClient] getCodecSettings() called with: codecName = [opus/48000/2]
2020-06-23 15:18:39.159 5759-6056/com.enflick.android.TextNow V/[VERBOSE][Leanplum]: [com.leanplum.internal.LeanplumInternal::trackInternal::378]: Will call API method track with arguments {event=Event Wifi Transitions, value=0.0, info=}
2020-06-23 15:18:39.159 5759-5912/com.enflick.android.TextNow D/TextNow: [SaveSingleRecordRunnableBase] calls-dev Record saved: {"created_at":"2020-06-23 19:18:39","http_response_status":200,"event_source":"client","username":"karn","client_type":"TN_ANDROID","client_version":"20.22.0.0","country_code":"","call_direction":"outgoing","call_duration":2,"from_username":"karn","call_status":"ended","from":"+19204623541","to":"+14242908378"}
2020-06-23 15:18:39.160 5759-5912/com.enflick.android.TextNow D/TextNow: [LeanPlumReportingRunnable] Saved event: Event Call Duration with info double
2020-06-23 15:18:39.160 5759-5912/com.enflick.android.TextNow D/TextNow: [CallManager] closeCall() called with: callId = [ac692afe-6eb2-4297-8c07-5d95b34da402]
2020-06-23 15:18:39.160 5759-5912/com.enflick.android.TextNow D/TextNow: [CallManager] notifyCallCompleted, callId: ac692afe-6eb2-4297-8c07-5d95b34da402, call disposition: USER_HUNGUP)
2020-06-23 15:18:39.160 5759-5912/com.enflick.android.TextNow D/TextNow: [CallManager] stopQosService() called
2020-06-23 15:18:39.161 5759-5912/com.enflick.android.TextNow D/TextNow: [CallManager] stopQosService: stopping service now
2020-06-23 15:18:39.161 5759-5912/com.enflick.android.TextNow D/TextNow: [QOSTestRunnerService] setCallId() called with: callId = [ac692afe-6eb2-4297-8c07-5d95b34da402]
2020-06-23 15:18:39.161 5759-5912/com.enflick.android.TextNow D/TextNow: [CallManager] notifyCallCompleted: stopping call diagnostics after closeCall
2020-06-23 15:18:39.161 5759-5912/com.enflick.android.TextNow D/TextNow: [CallDiagnostics] stop() called with: callData = [bundle data: Bundle[{opus_settings_bandwidth=wb, qos_test_result=NOT_RUN, last_network=WIFI, call_duration=2027, sip_call_id=8556b8af-e594-4709-80b6-1416e9f1cf26, client_call_id=ac692afe-6eb2-4297-8c07-5d95b34da402, call_type=VOIP, opus_settings_bitrate=18400, sip_registrar_endpoint=52.203.74.121:5090, last_network_granular=, call_start_time=1592939917108, sip_client_name=pjsip, call_disposition=USER_HUNGUP, call_direction=Outgoing, reporting_id=8556b8af-e594-4709-80b6-1416e9f1cf26, sip_registrar_domain=stage.tncp.textnow.com, call_end_time=1592939919135}]	transitionedToFallback: false]
2020-06-23 15:18:39.161 5759-5912/com.enflick.android.TextNow D/TextNow: [LeanPlumReportingRunnable] Saved event: EVENT_REDIAL with info double
2020-06-23 15:18:39.161 5759-5912/com.enflick.android.TextNow D/TextNow: [CallDiagnostics] Attempting to stop call diagnostics for callId: ac692afe-6eb2-4297-8c07-5d95b34da402, at time 2020-06-23 19:18:39 UTC
2020-06-23 15:18:39.163 5759-5912/com.enflick.android.TextNow D/TextNow: [LeanPlumReportingRunnable] Saved event: Event Wifi Transitions with info double
2020-06-23 15:18:39.165 5759-5912/com.enflick.android.TextNow D/TextNow: [CallDiagnostics] **************************Call Completed*************************
2020-06-23 15:18:39.170 5759-5912/com.enflick.android.TextNow D/TextNow: [CallDiagnostics] Cancelling recurring update runnable -- interrupting if required.
2020-06-23 15:18:39.170 5759-5912/com.enflick.android.TextNow D/TextNow: [InCallSensorLockHelper] Releasing the wifi lock, proximity wake lock
2020-06-23 15:18:39.174 5759-5912/com.enflick.android.TextNow D/TextNow: [CallingFragment] onCallCompleted: ac692afe-6eb2-4297-8c07-5d95b34da402
2020-06-23 15:18:39.174 5759-5912/com.enflick.android.TextNow D/TextNow: [CallRatingDialog] Call duration is too short 2 seconds. Min should be 15 seconds
2020-06-23 15:18:39.174 5759-5912/com.enflick.android.TextNow D/TextNow: [DialerActivity] Finishing activity
2020-06-23 15:18:39.202 5759-5912/com.enflick.android.TextNow D/TextNow: [InCallSensorLockHelper] Releasing the wifi lock, proximity wake lock
2020-06-23 15:18:39.202 5759-5912/com.enflick.android.TextNow D/TextNow: [CallManager] ---Managed calls empty
2020-06-23 15:18:39.203 5759-5912/com.enflick.android.TextNow D/TextNow: [CallManager] notifyCallCompleted->>getNumberOfCalls: 0
2020-06-23 15:18:39.203 5759-5912/com.enflick.android.TextNow D/TextNow: [CallManager] notifyCallCompleted: sending intent to stop CallService
2020-06-23 15:18:39.203 5759-5912/com.enflick.android.TextNow V/TextNow: [CallService] Getting CallService intent for action: com.enflick.android.TextNow.action.stop_service_foreground
2020-06-23 15:18:39.204 5759-5912/com.enflick.android.TextNow D/TextNow: [CallManager] mActiveCall = null from onCallEnded
2020-06-23 15:18:39.204 5759-5912/com.enflick.android.TextNow D/TextNow: [CallMetricUtils] Committing call metrics to LeanPlum.
2020-06-23 15:18:39.205 5759-5912/com.enflick.android.TextNow D/TextNow: [LeanPlumHelper] Starting LeanPlumReportingRunnable for: CallMetrics
2020-06-23 15:18:39.205 5759-5912/com.enflick.android.TextNow D/TextNow: [LeanPlumHelper] Starting LeanPlumReportingRunnable for: Median mos score Wifi
2020-06-23 15:18:39.205 5759-6056/com.enflick.android.TextNow V/[VERBOSE][Leanplum]: [com.leanplum.internal.LeanplumInternal::trackInternal::378]: Will call API method track with arguments {event=CallMetrics, params={"qos_test_id":0,"mos_score_wifi":"[0.0,0.0,0.0,0.0,1.0]","mean_mos_score_data":0,"median_mos_score_data":0,"data_network":"data","call_type":"VOIP","median_mos_score_wifi":4,"mean_mos_score_wifi":4,"transitioned_to_cdma":false,"mos_score_data":"[0.0,0.0,0.0,0.0,0.0]"}, value=0.0, info=}
2020-06-23 15:18:39.205 5759-5912/com.enflick.android.TextNow D/TextNow: [LeanPlumHelper] Starting LeanPlumReportingRunnable for: Mean mos score Wifi
2020-06-23 15:18:39.205 5759-5912/com.enflick.android.TextNow D/TextNow: [CallManagerNotificationHelper] Call ID ac692afe-6eb2-4297-8c07-5d95b34da402 onCallStateChanged TERMINATED
2020-06-23 15:18:39.206 5759-5912/com.enflick.android.TextNow D/TextNow: [CallManagerNotificationHelper] Removing incoming call notification
2020-06-23 15:18:39.207 5759-5912/com.enflick.android.TextNow D/TextNow: [CallManagerNotificationHelper] Asked to stop ringing
2020-06-23 15:18:39.207 5759-5912/com.enflick.android.TextNow D/TextNow: [Ringer] Is phone ringtone playing? : false
2020-06-23 15:18:39.207 5759-5912/com.enflick.android.TextNow D/TextNow: [Ringer] Is phone vibrating? : false
2020-06-23 15:18:39.207 5759-6056/com.enflick.android.TextNow V/[VERBOSE][Leanplum]: [com.leanplum.internal.LeanplumInternal::trackInternal::378]: Will call API method track with arguments {event=Median mos score Wifi, value=4.0, info=}
2020-06-23 15:18:39.207 5759-5912/com.enflick.android.TextNow D/TextNow: [LeanPlumHelper] Starting LeanPlumReportingRunnable for: EVENT_CALL_DURATION
2020-06-23 15:18:39.208 5759-5912/com.enflick.android.TextNow D/TextNow: [LeanPlumReportingRunnable] Saved event: CallMetrics with info map
2020-06-23 15:18:39.208 5759-5872/com.enflick.android.TextNow V/FA: Inactivity, disconnecting from the service
